
Desugared:

	((: ((y : (exist $0 (record (types ((t $0))) (values ((f t)))))) -> (. y t)))
	 (fn x ((. f) x)))

inferred type:

	(all a ((record (types ((t a))) (values ((f a)))) -> a))

Runtime term:

	(Lam (0 () (App ((GetField f) (Var 0)))))

Evaluated:

	(Lam (0 () (App ((GetField f) (Var 0)))))
