
Desugared:

	((:
	  (record (types ((t (rec t (record (types ()) (values ()))))))
	   (values ((x t)))))
	 (fix/record (fn $0 (((.= x) {}) {}))))

inferred type:

	(record (types ((t (record (types ()) (values ())))))
	 (values ((x (record (types ()) (values ()))))))

Runtime term:

	(App ((Fix Record) (Lam (0 () (Record ((x (Record ()))))))))

Evaluated:

	(Record ((x (Record ()))))
