
Desugared:

	(: (record (types ()) (values ((x (record (types ()) (values ()))))))
	 (record (types ((t (rec t (record (types ()) (values ()))))))
	  (values ((x (rec t (record (types ()) (values ()))))))))

inferred type:

	(record (types ((t (record (types ()) (values ())))))
	 (values ((x (record (types ()) (values ()))))))

Runtime term:

	(LetRec (((0 (Record ()))) (Record ((x (Var 0))))))

Evaluated:

	(Record ((x (Record ()))))
