
Desugared:

	(Let
	 (rank2
	  (App
	   ((Fix Let)
	    (Lam
	     (rank2
	      (App
	       ((WithType
	         (Quant
	          (() All b Unknown
	           (Fn
	            (()
	             (Quant (() All a Unknown (Fn (() (Var (() a)) (Var (() a))))))
	             (Record (r_info ()) (r_types (() () ())) (r_values (() () ()))))))))
	        (Lam (rank1 (App ((Var rank1) EmptyRecord))))))))))
	  (App ((Var rank2) (Lam ($0 (Integer 4)))))))
Type error: permission error during graft
