
Desugared:

	(fn choice
	 (record (types ())
	  (values
	   ((x
	     ((choice (record (types ()) (values ())))
	      (record (types ()) (values ()))))
	    (y ((choice (fn x x)) (fn x x)))))))
Type error: <TODO>: Get rid of unspecified reasons.
Mismatched type constructors: all a. a -> a is not a subtype of {}
