
Desugared:

	(Lam
	 (choice
	  (App
	   ((Fix Record)
	    (Lam
	     ($0
	      (App
	       ((App
	         ((Update x)
	          (App
	           ((App ((Update y) EmptyRecord))
	            (App ((App ((Var choice) (Lam (x (Var x))))) (Lam (x (Var x)))))))))
	        (App ((App ((Var choice) EmptyRecord)) EmptyRecord))))))))))
Type error: mismatched type constructors: {...} and ->
