
Desugared:

	(letrec (types ())
	 (values
	  ((b
	    (: (fn x (.= y (Integer 2) x))
	     ((record (types ()) (values ())) ->
	      (record (types ()) (values ((y int)))))))
	   (a
	    (: (fn x (.= y (Integer 2) x))
	     ((record (types ()) (values ((y int)))) ->
	      (record (types ()) (values ((y int)))))))))
	 (record (types ()) (values ())))

inferred type:

	(record (types ()) (values ()))

Runtime term:

	(LetRec
	 (((0
	    (Lam (0 () (Update (old (Var 0)) (label y) (field (Const (Integer 2)))))))
	   (0
	    (Lam (0 () (Update (old (Var 0)) (label y) (field (Const (Integer 2))))))))
	  (Record ())))

Evaluated:

	(Record ())
