
Desugared:

	(Let
	 (factorial
	  (App
	   ((Fix Let)
	    (Lam
	     (factorial
	      (Lam
	       (n
	        (App
	         ((ConstMatch (cm_cases (((Integer 0) (Const (Integer 1)))))
	           (cm_default
	            (Lam
	             (n
	              (App
	               ((App ((Var mul) (Var n)))
	                (App
	                 ((Var factorial)
	                  (App ((App ((Var sub) (Var n))) (Const (Integer 1))))))))))))
	          (Var n)))))))))
	  (App ((Var factorial) (Const (Integer 5))))))

inferred type:

	(Named (() int))

Runtime term:

	(App
	 ((Lam (0 () (App ((Var 0) (Const (Integer 5))))))
	  (App
	   ((Fix Let)
	    (Lam
	     (2 ()
	      (Lam
	       (2 ()
	        (App
	         ((ConstMatch (cm_cases (((Integer 0) (Const (Integer 1)))))
	           (cm_default
	            (Lam
	             (2 ()
	              (App
	               ((App ((Prim <fun>) (Var 0)))
	                (App
	                 ((Var 2)
	                  (App ((App ((Prim <fun>) (Var 0))) (Const (Integer 1))))))))))))
	          (Var 0)))))))))))

Evaluated:

	(Const (Integer 120))
