
Desugared:

	(let
	 (factorial
	  (fix/let
	   (fn factorial
	    (fn n
	     ((match/const (((Integer 0) (Integer 1)))
	       (_ (fn n ((mul n) (factorial ((sub n) (Integer 1)))))))
	      n)))))
	 (factorial (Integer 5)))

inferred type:

	int

Runtime term:

	(App
	 ((Lam (0 () (App ((Var 0) (Const (Integer 5))))))
	  (App
	   ((Fix Let)
	    (Lam
	     (2 ()
	      (Lam
	       (2 ()
	        (App
	         ((ConstMatch (cm_cases (((Integer 0) (Const (Integer 1)))))
	           (cm_default
	            (Lam
	             (2 ()
	              (App
	               ((App ((Prim <fun>) (Var 0)))
	                (App
	                 ((Var 2)
	                  (App ((App ((Prim <fun>) (Var 0))) (Const (Integer 1))))))))))))
	          (Var 0)))))))))))

Evaluated:

	(Const (Integer 120))
