
Desugared:

	fn $0. match-lam
| f -> let g = fn $1. match-lam
  | x -> f fn $2. match-lam
    | v -> x x v
    end $2
  end $1 in g g
end $0

inferred type:

	((a -> b) -> a -> b) -> a -> b

Runtime term:

	fn $0. match _ with  | _ -> fn f. (fn g. g g) fn $1. match _ with  | _ -> fn x. f fn $2. match _ with  | _ -> fn v. x x v end $2 end $1 end $0

Evaluated:

	fn $0. match _ with  | _ -> fn f. (fn g. g g) fn $1. match _ with  | _ -> fn x. f fn $2. match _ with  | _ -> fn v. x x v end $2 end $1 end $0
