
Desugared:

	(Lam
	 (f
	  (Let
	   (g
	    (App
	     ((Fix Let)
	      (Lam
	       (g
	        (Lam
	         (x
	          (App ((Var f) (Lam (v (App ((App ((Var x) (Var x))) (Var v)))))))))))))
	    (App ((Var g) (Var g)))))))

inferred type:

	(Fn
	 (()
	  (Fn
	   (() (Fn (() (Var (() a)) (Var (() b))))
	    (Fn (() (Var (() a)) (Var (() b))))))
	  (Fn (() (Var (() a)) (Var (() b))))))

Runtime term:

	(Lam
	 (2 ()
	  (App
	   ((Lam (0 () (App ((Var 0) (Var 0)))))
	    (App
	     ((Fix Let)
	      (Lam
	       (2 ()
	        (Lam
	         (2 ()
	          (App
	           ((Var 2) (Lam (1 () (App ((App ((Var 1) (Var 1))) (Var 0)))))))))))))))))

Evaluated:

	(Lam
	 (0 ()
	  (App
	   ((Lam (0 () (App ((Var 0) (Var 0)))))
	    (App
	     ((Fix Let)
	      (Lam
	       (2 ()
	        (Lam
	         (2 ()
	          (App
	           ((Var 2) (Lam (1 () (App ((App ((Var 1) (Var 1))) (Var 0)))))))))))))))))
