
Desugared:

	(letrec (types ()) (values ((r (record (types ()) (values ((y (fn x x))))))))
	 (letrec (types ()) (values ((f (: (. r y) (all a (a -> a))))))
	  (record (types ())
	   (values ((l (f (record (types ()) (values ())))) (k (f (fn z z))))))))

inferred type:

	(record (types ())
	 (values ((k (all a (a -> a))) (l (record (types ()) (values ()))))))

Runtime term:

	(LetRec
	 (((0 (LetRec (((0 (Lam (0 () (Var 0))))) (Record ((y (Var 0))))))))
	  (LetRec
	   (((2 (App ((GetField y) (Var 1)))))
	    (LetRec
	     (((3 (App ((Var 2) (Record ()))))
	       (3 (App ((Var 2) (Lam (0 () (Var 0)))))))
	      (Record ((k (Var 1)) (l (Var 0))))))))))

Evaluated:

	(Record ((k (Lam (0 () (Var 0)))) (l (Record ()))))
