
Desugared:

	let r = _.y:=_ {} fn x. x in
	let f = (_ : all a. a -> a) (_.y r) in
	_.l:=_ (_.k:=_ {} (f fn z. z)) (f {})

inferred type:

	{k : a -> a, l : {}}

Runtime term:

	(fn. (fn. (fn. fn. v1 where { l = v0 }) ((fn. fn. v1 where { k = v0 }) {} (v0 fn. v0)) (v0 {})) (_.y v0)) ((fn. fn. v1 where { y = v0 }) {} fn. v0)

Evaluated:

	{k = fn. v0, l = {}}
