
Desugared:

	(letrec (types ())
	 (values
	  ((m
	    (:
	     (letrec (types ()) (values ((x (Integer 4)) (y (fn z z))))
	      (.= x x (.= y y {})))
	     (exist $6 (record (types ((t $6))) (values ((y ($6 -> int)) (x $6)))))))))
	 ((. m y) (. m x)))

inferred type:

	int

Runtime term:

	(LetRec
	 (((0
	    (LetRec
	     (((0 (Const (Integer 4))) (0 (Lam (0 () (Var 0)))))
	      (Update (old (Update (old (Record ())) (label y) (field (Var 1))))
	       (label x) (field (Var 0)))))))
	  (App ((App ((GetField y) (Var 0))) (App ((GetField x) (Var 0)))))))

Evaluated:

	(Const (Integer 4))
