Desugared: let f = _.y in (((_ where { a = _ })) ((((_ where { b = _ })) ({})) ((f) ((((_ where { y = _ })) ({})) ((((_ where { z = _ })) ({})) ({})))))) ((f) ((((_ where { y = _ })) ({})) ({})))
inferred type: {a : {}, b : {z : {}}}
Runtime term: (fn f. ((fn $392. fn $393. ($392) where { a = $393 }) (((fn $390. fn $391. ($390) where { b = $391 }) ({})) ((f) (((fn $388. fn $389. ($388) where { y = $389 }) ({})) (((fn $386. fn $387. ($386) where { z = $387 }) ({})) ({})))))) ((f) (((fn $384. fn $385. ($384) where { y = $385 }) ({})) ({})))) ((_.y))
Evaluated: {a = {}, b = {z = {}}}
