Desugared: let f = fn x. x in (((_ where { a = _ })) ((((_ where { b = _ })) ({})) ((f) ((Ok {}))))) ((f) (fn y. y))
inferred type: {a : (t193) -> (t193), b : (Ok {}) | ...t173}
Runtime term: (fn f. ((fn $197. fn $198. ($197) where { a = $198 }) (((fn $195. fn $196. ($195) where { b = $196 }) ({})) ((f) ((Ok) ({}))))) ((f) (fn y. y))) (fn x. x)
Evaluated: {a = fn y. y, b = (Ok) ({})}
