
Desugared:

	let f = fn x. _.y x in
	_.a:=_ (_.b:=_ {} (f (_.y:=_ {} (_.z:=_ {} {})))) (f (_.y:=_ {} {}))

inferred type:

	{a : {}, b : {z : {}}}

Runtime term:

	(fn. (fn. fn. v1 where { a = v0 }) ((fn. fn. v1 where { b = v0 }) {} (v0 ((fn. fn. v1 where { y = v0 }) {} ((fn. fn. v1 where { z = v0 }) {} {})))) (v0 ((fn. fn. v1 where { y = v0 }) {} {}))) fn. _.y v0

Evaluated:

	{a = {}, b = {z = {}}}
