
Desugared:

	(letrec
	 (types
	  (((list
	     (lam a
	      (rec list
	       (union
	        ((Cons (record (types ()) (values ((tl list) (hd a)))))
	         (Nil (record (types ()) (values ())))))))))))
	 (values ())
	 (letrec (types ())
	  (values
	   ((length (all a ((list a) -> int))
	     (fn lst
	      ((match
	        ((Cons (l (((. int add) (Integer 1)) (length (. l tl)))))
	         (Nil (_ (Integer 0)))))
	       lst)))))
	  (length
	   ((fn x (Cons x))
	    (record (types ())
	     (values
	      ((hd (Integer 4))
	       (tl
	        ((fn x (Cons x))
	         (record (types ())
	          (values
	           ((hd (Integer 0))
	            (tl
	             ((fn x (Cons x))
	              (record (types ())
	               (values
	                ((hd (Integer 1))
	                 (tl ((fn x (Nil x)) (record (types ()) (values ())))))))))))))))))))))

inferred type:

	int

Runtime term:

	(LetRec
	 (((1
	    (Lam
	     (1 ()
	      (App
	       ((Match
	         (BLabel
	          (lm_cases
	           ((Cons
	             (BLeaf
	              (Lam
	               (2 ()
	                (App
	                 ((App
	                   ((App
	                     ((GetField add)
	                      (Record
	                       ((add (Prim <fun>)) (compare (Prim <fun>))
	                        (div (Prim <fun>)) (mul (Prim <fun>))
	                        (rem (Prim <fun>)) (sub (Prim <fun>))))))
	                    (Const (Integer 1))))
	                  (App ((Var 2) (App ((GetField tl) (Var 0)))))))))))
	            (Nil (BLeaf (Lam (0 () (Const (Integer 0))))))))
	          (lm_default ())))
	        (Var 0)))))))
	  (App
	   ((Var 0)
	    (App
	     ((Lam (0 () (Ctor (Cons (Var 0)))))
	      (LetRec
	       (((0 (Const (Integer 4)))
	         (0
	          (App
	           ((Lam (0 () (Ctor (Cons (Var 0)))))
	            (LetRec
	             (((0 (Const (Integer 0)))
	               (0
	                (App
	                 ((Lam (0 () (Ctor (Cons (Var 0)))))
	                  (LetRec
	                   (((0 (Const (Integer 1)))
	                     (0
	                      (App ((Lam (0 () (Ctor (Nil (Var 0))))) (Record ())))))
	                    (Record ((hd (Var 0)) (tl (Var 1))))))))))
	              (Record ((hd (Var 0)) (tl (Var 1))))))))))
	        (Record ((hd (Var 0)) (tl (Var 1))))))))))))

Evaluated:

	(Const (Integer 3))
