
Desugared:

	(letrec (types ())
	 (values ((y ((((. add) int) x) (Integer 2))) (x (Integer 1)))) y)

inferred type:

	int

Runtime term:

	(LetRec
	 (((2
	    (App
	     ((App
	       ((App
	         ((GetField add)
	          (Record
	           ((add (Prim <fun>)) (div (Prim <fun>)) (mul (Prim <fun>))
	            (rem (Prim <fun>)) (sub (Prim <fun>))))))
	        (Var 1)))
	      (Const (Integer 2)))))
	   (0 (Const (Integer 1))))
	  (Var 0)))

Evaluated:

	(Const (Integer 3))
