
Desugared:

	(fix/record
	 (fn $0
	  (let-type ((t ((lam $1 (rec t $1)) int)) (u ((lam $2 (rec u $2)) t)))
	   (((.type= t) (((.type= u) {}) (type u))) (type t)))))

inferred type:

	(all a (record (types ((t int) (u int) ...a)) (values ())))

Runtime term:

	(App ((Fix Record) (Lam (0 () (Record ())))))

Evaluated:

	(Record ())
