
Desugared:

	(let
	 ($1
	  (fix/record
	   (fn $0
	    (((.= x) (((.= y) {}) ((add ((. x) $0)) (Integer 2)))) (Integer 1)))))
	 (let (y ((. y) $1)) (let (x ((. x) $1)) y)))

inferred type:

	int

Runtime term:

	(App
	 ((Lam
	   (1 ()
	    (App
	     ((Lam
	       (1 ()
	        (App ((Lam (1 () (Var 1))) (App ((GetField (Strict x)) (Var 1)))))))
	      (App ((GetField (Strict y)) (Var 0)))))))
	  (App
	   ((Fix Record)
	    (Lam
	     (0 ()
	      (Record
	       ((x (Const (Integer 1)))
	        (y
	         (App
	          ((App ((Prim <fun>) (App ((GetField (Lazy x)) (Var 0)))))
	           (Const (Integer 2)))))))))))))

Evaluated:

	(Const (Integer 3))
