
Desugared:

	(let (x (Integer 1)) (let (y (((. int add) x) (Integer 2))) y))

inferred type:

	int

Runtime term:

	(App
	 ((Lam
	   (0 ()
	    (App
	     ((Lam (0 () (Var 0)))
	      (App
	       ((App
	         ((App
	           ((GetField add)
	            (Record
	             ((add (Prim <fun>)) (compare (Prim <fun>)) (div (Prim <fun>))
	              (mul (Prim <fun>)) (rem (Prim <fun>)) (sub (Prim <fun>))))))
	          (Var 0)))
	        (Const (Integer 2))))))))
	  (Const (Integer 1))))

Evaluated:

	(Const (Integer 3))
