
Desugared:

	(letrec (types ((t (rec t int)) (u (rec u t)))) (values ())
	 (((.type= t) (((.type= u) {}) (type u))) (type t)))

inferred type:

	(all a (record (types ((t int) (u int) ...a)) (values ())))

Runtime term:

	(App
	 ((App
	   ((Lam (0 () (Lam (1 () (Var 1)))))
	    (App ((App ((Lam (0 () (Lam (1 () (Var 1))))) (Record ()))) (Record ())))))
	  (Record ())))

Evaluated:

	(Record ())
