
Desugared:

	(App
	 ((App
	   ((GetField (Strict odd))
	    (App
	     ((Fix Record)
	      (Lam
	       ($0
	        (App
	         ((App
	           ((Update (Value even))
	            (App
	             ((App ((Update (Value odd)) EmptyRecord))
	              (App
	               ((WithType
	                 (Fn
	                  (()
	                   (Recur
	                    (() n
	                     (Union
	                      (()
	                       ((Z
	                         (Record (r_info ()) (r_types (() () ()))
	                          (r_values (() () ()))))
	                        (S (Var (() n))))
	                       ()))))
	                   (Union
	                    (()
	                     ((True
	                       (Record (r_info ()) (r_types (() () ()))
	                        (r_values (() () ()))))
	                      (False
	                       (Record (r_info ()) (r_types (() () ()))
	                        (r_values (() () ())))))
	                     ())))))
	                (Lam
	                 (x
	                  (App
	                   ((Match
	                     (cases
	                      ((S
	                        ($3
	                         (App
	                          ((Match (cases ())
	                            (default
	                             (((k)
	                               (App
	                                ((App
	                                  ((WithType
	                                    (Fn
	                                     (()
	                                      (Recur
	                                       (() n
	                                        (Union
	                                         (()
	                                          ((Z
	                                            (Record (r_info ())
	                                             (r_types (() () ()))
	                                             (r_values (() () ()))))
	                                           (S (Var (() n))))
	                                          ()))))
	                                      (Union
	                                       (()
	                                        ((True
	                                          (Record (r_info ())
	                                           (r_types (() () ()))
	                                           (r_values (() () ()))))
	                                         (False
	                                          (Record (r_info ())
	                                           (r_types (() () ()))
	                                           (r_values (() () ())))))
	                                        ())))))
	                                   (App ((GetField (Lazy even)) (Var $0)))))
	                                 (Var k)))))))
	                           (Var $3)))))
	                       (Z
	                        ($4
	                         (App
	                          ((Match (cases ())
	                            (default
	                             ((()
	                               (App
	                                ((Lam (x (Ctor (False (Var x)))))
	                                 EmptyRecord))))))
	                           (Var $4)))))))
	                     (default ()))
	                    (Var x)))))))))))
	          (App
	           ((WithType
	             (Fn
	              (()
	               (Recur
	                (() n
	                 (Union
	                  (()
	                   ((Z
	                     (Record (r_info ()) (r_types (() () ()))
	                      (r_values (() () ()))))
	                    (S (Var (() n))))
	                   ()))))
	               (Union
	                (()
	                 ((True
	                   (Record (r_info ()) (r_types (() () ()))
	                    (r_values (() () ()))))
	                  (False
	                   (Record (r_info ()) (r_types (() () ()))
	                    (r_values (() () ())))))
	                 ())))))
	            (Lam
	             (x
	              (App
	               ((Match
	                 (cases
	                  ((S
	                    ($1
	                     (App
	                      ((Match (cases ())
	                        (default
	                         (((k)
	                           (App
	                            ((App
	                              ((WithType
	                                (Fn
	                                 (()
	                                  (Recur
	                                   (() n
	                                    (Union
	                                     (()
	                                      ((Z
	                                        (Record (r_info ())
	                                         (r_types (() () ()))
	                                         (r_values (() () ()))))
	                                       (S (Var (() n))))
	                                      ()))))
	                                  (Union
	                                   (()
	                                    ((True
	                                      (Record (r_info ())
	                                       (r_types (() () ()))
	                                       (r_values (() () ()))))
	                                     (False
	                                      (Record (r_info ())
	                                       (r_types (() () ()))
	                                       (r_values (() () ())))))
	                                    ())))))
	                               (App ((GetField (Lazy odd)) (Var $0)))))
	                             (Var k)))))))
	                       (Var $1)))))
	                   (Z
	                    ($2
	                     (App
	                      ((Match (cases ())
	                        (default
	                         ((()
	                           (App
	                            ((Lam (x (Ctor (True (Var x))))) EmptyRecord))))))
	                       (Var $2)))))))
	                 (default ()))
	                (Var x)))))))))))))))
	  (App
	   ((Lam (x (Ctor (S (Var x)))))
	    (App
	     ((Lam (x (Ctor (S (Var x)))))
	      (App
	       ((Lam (x (Ctor (S (Var x)))))
	        (App
	         ((Lam (x (Ctor (S (Var x)))))
	          (App ((Lam (x (Ctor (Z (Var x))))) EmptyRecord))))))))))))

inferred type:

	(Union
	 (()
	  ((False (Record (r_info ()) (r_types (() () ())) (r_values (() () ()))))
	   (True (Record (r_info ()) (r_types (() () ())) (r_values (() () ())))))
	  ()))

Runtime term:

	(App
	 ((App
	   ((GetField (Strict odd))
	    (App
	     ((Fix Record)
	      (Lam
	       (3 ()
	        (Record
	         ((even
	           (Lam
	            (3 ()
	             (App
	              ((Match
	                (cases
	                 ((S
	                   (Lam
	                    (3 ()
	                     (App
	                      ((Match (cases ())
	                        (default
	                         ((Lam
	                           (3 ()
	                            (App
	                             ((App ((GetField (Lazy odd)) (Var 3))) (Var 0))))))))
	                       (Var 0))))))
	                  (Z
	                   (Lam
	                    (0 ()
	                     (App
	                      ((Match (cases ())
	                        (default
	                         ((Lam
	                           (0 ()
	                            (App
	                             ((Lam (0 () (Ctor (True (Var 0))))) (Record ()))))))))
	                       (Var 0))))))))
	                (default ()))
	               (Var 0))))))
	          (odd
	           (Lam
	            (3 ()
	             (App
	              ((Match
	                (cases
	                 ((S
	                   (Lam
	                    (3 ()
	                     (App
	                      ((Match (cases ())
	                        (default
	                         ((Lam
	                           (3 ()
	                            (App
	                             ((App ((GetField (Lazy even)) (Var 3))) (Var 0))))))))
	                       (Var 0))))))
	                  (Z
	                   (Lam
	                    (0 ()
	                     (App
	                      ((Match (cases ())
	                        (default
	                         ((Lam
	                           (0 ()
	                            (App
	                             ((Lam (0 () (Ctor (False (Var 0)))))
	                              (Record ()))))))))
	                       (Var 0))))))))
	                (default ()))
	               (Var 0))))))))))))))
	  (App
	   ((Lam (0 () (Ctor (S (Var 0)))))
	    (App
	     ((Lam (0 () (Ctor (S (Var 0)))))
	      (App
	       ((Lam (0 () (Ctor (S (Var 0)))))
	        (App
	         ((Lam (0 () (Ctor (S (Var 0)))))
	          (App ((Lam (0 () (Ctor (Z (Var 0))))) (Record ())))))))))))))

Evaluated:

	(Ctor (False (Record ())))
