
Desugared:

	(App
	 ((WithType
	   (Quant
	    (() Exist $0
	     (Record (r_info ()) (r_types (() ((t (Var (() $0)))) ()))
	      (r_values (() () ()))))))
	  EmptyRecord))

inferred type:

	(Quant
	 (() Exist a
	  (Record (r_info ()) (r_types (() ((t (Var (() a)))) ()))
	   (r_values (() () ())))))

Runtime term:

	(Record ())

Evaluated:

	(Record ())
