
Desugared:

	(Lam (x (App ((GetField (Strict y)) (Var x)))))

inferred type:

	(Quant
	 (() All a
	  (Quant
	   (() All b
	    (Quant
	     (() All c
	      (Fn
	       (()
	        (Record (r_info ()) (r_types (() () (b)))
	         (r_values (() ((y (Var (() c)))) (a))))
	        (Var (() c))))))))))

Runtime term:

	(Lam (0 () (App ((GetField (Strict y)) (Var 0)))))

Evaluated:

	(Lam (0 () (App ((GetField (Strict y)) (Var 0)))))
