
Desugared:

	(: (fn y (. y x))
	 ((e : (exist $12 (record (types ((t $12))) (values ((x $12)))))) -> (. e t)))

inferred type:

	(all a ((record (types ((t a))) (values ((x a)))) -> a))

Runtime term:

	(Lam (0 () (App ((GetField x) (Var 0)))))

Evaluated:

	(Lam (0 () (App ((GetField x) (Var 0)))))
