
Desugared:

	(letrec (types ())
	 (values
	  ((rank3
	    ((: (all b (((all a (a -> a)) -> b) -> b))) (fn rank2 (rank2 (fn x x)))))))
	 (rank3 (fn rank1 (rank1 (rank1 (Integer 4))))))

inferred type:

	int

Runtime term:

	(LetRec
	 (((0 (Lam (0 () (App ((Var 0) (Lam (0 () (Var 0)))))))))
	  (App
	   ((Var 0) (Lam (0 () (App ((Var 0) (App ((Var 0) (Const (Integer 4))))))))))))

Evaluated:

	(Const (Integer 4))
