
Desugared:

	(fn x (((.= y) x) {}))

inferred type:

	(all a
	 (all b
	  ((record (types (...b)) (values (...a))) ->
	   (record (types (...b))
	    (values ((y (record (types ()) (values ()))) ...a))))))

Runtime term:

	(Lam
	 (0 ()
	  (App
	   ((App
	     ((Lam
	       (0 () (Lam (1 () (Update (old (Var 1)) (label y) (field (Var 0)))))))
	      (Var 0)))
	    (Record ())))))

Evaluated:

	(Lam
	 (0 ()
	  (App
	   ((App
	     ((Lam
	       (0 () (Lam (1 () (Update (old (Var 1)) (label y) (field (Var 0)))))))
	      (Var 0)))
	    (Record ())))))
