
Desugared:

	(Lam (x (App ((App ((Update y) (Var x))) EmptyRecord))))

inferred type:

	(Fn
	 (() (Record (r_info ()) (r_types (() () (a))) (r_values (() () (b))))
	  (Record (r_info ()) (r_types (() () (a)))
	   (r_values
	    (()
	     ((y (Record (r_info ()) (r_types (() () (c))) (r_values (() () ())))))
	     (b))))))

Runtime term:

	(Lam
	 (0 ()
	  (App
	   ((App
	     ((Lam
	       (0 () (Lam (1 () (Update (old (Var 1)) (label y) (field (Var 0)))))))
	      (Var 0)))
	    (Record ())))))

Evaluated:

	(Lam
	 (0 ()
	  (App
	   ((App
	     ((Lam
	       (0 () (Lam (1 () (Update (old (Var 1)) (label y) (field (Var 0)))))))
	      (Var 0)))
	    (Record ())))))
