
Desugared:

	(fn x (.= y {} x))

inferred type:

	(all a
	 (all b
	  ((record (types ((... a))) (values ((... b)))) ->
	   (record (types ((... a)))
	    (values ((y (record (types ()) (values ()))) (... b)))))))

Runtime term:

	(Lam (0 () (Update (old (Var 0)) (label y) (field (Record ())))))

Evaluated:

	(Lam (0 () (Update (old (Var 0)) (label y) (field (Record ())))))
