
Desugared:

	(App
	 ((App
	   ((Update y)
	    (App
	     ((Fix Record)
	      (Lam ($1 (App ((App ((Update x) EmptyRecord)) EmptyRecord))))))))
	  (App
	   ((Fix Record)
	    (Lam ($0 (App ((App ((Update z) EmptyRecord)) EmptyRecord))))))))

inferred type:

	(Record
	 (() ((x (Record (() () ()))) (y (Record (() ((z (Record (() () ())))) ()))))
	  ()))

Runtime term:

	(App
	 ((App
	   ((Lam
	     (0 () (Lam (1 () (Update (old (Var 1)) (label y) (field (Var 0)))))))
	    (App ((Fix Record) (Lam (0 () (Record ((x (Record ()))))))))))
	  (App ((Fix Record) (Lam (0 () (Record ((z (Record ()))))))))))

Evaluated:

	(Record ((x (Record ())) (y (Record ((z (Record ())))))))
