
Desugared:

	(App
	 ((GetField (Strict x))
	  (App
	   ((Fix Record)
	    (Lam ($0 (App ((App ((Update (Value x)) EmptyRecord)) EmptyRecord))))))))

inferred type:

	(Quant
	 (() All a (Record (r_info ()) (r_types (() () (a))) (r_values (() () ())))))

Runtime term:

	(App
	 ((GetField (Strict x))
	  (App ((Fix Record) (Lam (0 () (Record ((x (Record ()))))))))))

Evaluated:

	(Record ())
