#mule> Desugared: fn $0. (match-lam
| x -> (x) (x)
end) ($0)
inferred type: (rec t12. (t12) -> (t14)) -> (t14)
Javascript: 
($0$=>($34$=>($35$=>(($35$)===(undefined))?((x$=>x$(x$,))($34$,)):($35$(($34$)['v'],)))((({}))[($34$)['$']],))($0$,))
Evaluated: fn $0. (match-lam
| x -> (x) (x)
end) ($0)
#mule> 
