
Desugared:

	(fn f (fn arg (((.= y) arg) (f ((. z) arg)))))

inferred type:

	(all a
	 (all b
	  (all c
	   (all d
	    ((c -> a) ->
	     ((record (types (...d)) (values ((z c) ...b))) ->
	      (record (types (...d)) (values ((y a) (z c) ...b)))))))))

Runtime term:

	(Lam
	 (0 ()
	  (Lam
	   (1 ()
	    (App
	     ((App
	       ((Lam
	         (0 () (Lam (1 () (Update (old (Var 1)) (label y) (field (Var 0)))))))
	        (Var 0)))
	      (App ((Var 1) (App ((GetField z) (Var 0)))))))))))

Evaluated:

	(Lam
	 (0 ()
	  (Lam
	   (1 ()
	    (App
	     ((App
	       ((Lam
	         (0 () (Lam (1 () (Update (old (Var 1)) (label y) (field (Var 0)))))))
	        (Var 0)))
	      (App ((Var 1) (App ((GetField z) (Var 0)))))))))))
