
Desugared:

	(Lam
	 (f
	  (Lam
	   (arg
	    (App
	     ((App ((Update (Value y)) (Var arg)))
	      (App ((Var f) (App ((GetField (Strict z)) (Var arg)))))))))))

inferred type:

	(Quant
	 (() All a
	  (Quant
	   (() All b
	    (Quant
	     (() All c
	      (Quant
	       (() All d
	        (Fn
	         (() (Fn (() (Var (() c)) (Var (() a))))
	          (Fn
	           (()
	            (Record (r_info ()) (r_types (() () (d)))
	             (r_values (() ((z (Var (() c)))) (b))))
	            (Record (r_info ()) (r_types (() () (d)))
	             (r_values (() ((y (Var (() a))) (z (Var (() c)))) (b))))))))))))))))

Runtime term:

	(Lam
	 (1 ()
	  (Lam
	   (1 ()
	    (App
	     ((App
	       ((Lam
	         (0 () (Lam (1 () (Update (old (Var 1)) (label y) (field (Var 0)))))))
	        (Var 0)))
	      (App ((Var 1) (App ((GetField (Strict z)) (Var 0)))))))))))

Evaluated:

	(Lam
	 (0 ()
	  (Lam
	   (1 ()
	    (App
	     ((App
	       ((Lam
	         (0 () (Lam (1 () (Update (old (Var 1)) (label y) (field (Var 0)))))))
	        (Var 0)))
	      (App ((Var 1) (App ((GetField (Strict z)) (Var 0)))))))))))
