
Desugared:

	(fn f (fn arg (.= y (f (. arg z)) arg)))

inferred type:

	(all a
	 (all b
	  ((a -> b) ->
	   (all c
	    (all d
	     ((record (types ((... d))) (values ((z a) (... c)))) ->
	      (record (types ((... d))) (values ((y b) (z a) (... c))))))))))

Runtime term:

	(Lam
	 (0 ()
	  (Lam
	   (1 ()
	    (Update (old (Var 0)) (label y)
	     (field (App ((Var 1) (App ((GetField z) (Var 0)))))))))))

Evaluated:

	(Lam
	 (0 ()
	  (Lam
	   (1 ()
	    (Update (old (Var 0)) (label y)
	     (field (App ((Var 1) (App ((GetField z) (Var 0)))))))))))
