
Desugared:

	(App
	 ((Fix Record)
	  (Lam ($0 (App ((App ((Update (Value x)) EmptyRecord)) EmptyRecord))))))

inferred type:

	(Quant
	 (() All a
	  (Quant
	   (() All b
	    (Record (r_info ()) (r_types (() () (b)))
	     (r_values
	      (()
	       ((x (Record (r_info ()) (r_types (() () (a))) (r_values (() () ())))))
	       ())))))))

Runtime term:

	(App ((Fix Record) (Lam (0 () (Record ((x (Record ()))))))))

Evaluated:

	(Record ((x (Record ()))))
