
Desugared:

	(record (types ()) (values ((x (record (types ()) (values ()))))))

inferred type:

	(record (types ((... (all a a))))
	 (values
	  ((x (record (types ((... (all a a)))) (values ((... (exist b b))))))
	   (... (exist b b)))))

Runtime term:

	(LetRec (((0 (Record ()))) (Record ((x (Var 0))))))

Evaluated:

	(Record ((x (Record ()))))
