
Desugared:

	(App
	 ((Fix Record) (Lam ($0 (App ((App ((Update x) EmptyRecord)) EmptyRecord))))))

inferred type:

	(Record (r_info ()) (r_types (() () (a)))
	 (r_values
	  (() ((x (Record (r_info ()) (r_types (() () (b))) (r_values (() () ())))))
	   ())))

Runtime term:

	(App ((Fix Record) (Lam (0 () (Record ((x (Record ()))))))))

Evaluated:

	(Record ((x (Record ()))))
