
Desugared:

	((match
	  ((((Text goodbye) (Integer 3)) ((Text hello) (Integer 1))
	    ((Text hey!) (Integer 2)))
	   (_ (Integer 4))))
	 (Text hey!))

inferred type:

	int

Runtime term:

	(App
	 ((Match
	   (BConst
	    (cm_cases
	     (((Text goodbye) (Const (Integer 3))) ((Text hello) (Const (Integer 1)))
	      ((Text hey!) (Const (Integer 2)))))
	    (cm_default ((Lam (0 () (Const (Integer 4))))))))
	  (Const (Text hey!))))

Evaluated:

	(Const (Integer 2))
