
Desugared:

	((:
	  (exist b
	   (record (types ((t ((lam $1 (lam a (rec t $1))) b)))) (values ()))))
	 (fix/record
	  (fn $0
	   (let-type ((t (lam a (rec t (record (types ()) (values ()))))))
	    (((.type= t) {}) (type t))))))

inferred type:

	(exist a (all b (record (types ((t ((lam b (lam c b)) a)))) (values ()))))

Runtime term:

	(App ((Fix Record) (Lam (0 () (Record ())))))

Evaluated:

	(Record ())
