
Desugared:

	((: (exist b (record (types ((t (lam a (rec t b))))) (values ()))))
	 (letrec (types ((t (lam a (rec t (record (types ()) (values ())))))))
	  (values ()) (((.type= t) {}) (type t))))

inferred type:

	(exist a (record (types ((t (lam b a)))) (values ())))

Runtime term:

	(App ((App ((Lam (0 () (Lam (1 () (Var 1))))) (Record ()))) (Record ())))

Evaluated:

	(Record ())
