
Desugared:

	(LetType
	 (((t (TypeLam (() a (Recur (() t (Var (() int))))))))
	  (App
	   ((WithType
	     (App
	      (() (Var (() t))
	       (Record (r_info ()) (r_types (() () ())) (r_values (() () ()))))))
	    (Const (Integer 4))))))

inferred type:

	(Named (() int))

Runtime term:

	(Const (Integer 4))

Evaluated:

	(Const (Integer 4))
