
Desugared:

	(letrec (types ((t (rec t int)))) (values ((x (: (Integer 4) t))))
	 (((.= x) (.type= t {} t)) x))

inferred type:

	(record (types ((t int))) (values ((x int))))

Runtime term:

	(LetRec
	 (((0 (Const (Integer 4))))
	  (App
	   ((App
	     ((Lam
	       (0 () (Lam (1 () (Update (old (Var 1)) (label x) (field (Var 0)))))))
	      (Record ())))
	    (Var 0)))))

Evaluated:

	(Record ((x (Const (Integer 4)))))
