
Desugared:

	(fix/record
	 (fn $0
	  (let-type ((t (rec t int)))
	   (((.= x) (((.type= t) {}) (type t))) ((: t) (Integer 4))))))

inferred type:

	(all a (record (types ((t int) ...a)) (values ((x int)))))

Runtime term:

	(App ((Fix Record) (Lam (0 () (Record ((x (Const (Integer 4)))))))))

Evaluated:

	(Record ((x (Const (Integer 4)))))
