
Desugared:

	(App ((Lam (x (Ctor (Ok (Var x))))) EmptyRecord))

inferred type:

	(Quant
	 (() All a
	  (Quant
	   (() All b
	    (Union
	     (()
	      ((Ok (Record (r_info ()) (r_types (() () (a))) (r_values (() () ())))))
	      (b)))))))

Runtime term:

	(App ((Lam (0 () (Ctor (Ok (Var 0))))) (Record ())))

Evaluated:

	(Ctor (Ok (Record ())))
